{
    "test-rattle-clustersummary": {
        "content": [
            {
                "0": [
                    [
                        {
                            "id": "test",
                            "single_end": false
                        },
                        "cluster_summary_test.csv:md5,45760f8b70b8e0ad0b53d8a617bb0a32"
                    ]
                ],
                "1": [
                    "versions.yml:md5,49706d301fbc166dc1e61b6c665d1f35"
                ],
                "summary": [
                    [
                        {
                            "id": "test",
                            "single_end": false
                        },
                        "cluster_summary_test.csv:md5,45760f8b70b8e0ad0b53d8a617bb0a32"
                    ]
                ],
                "versions": [
                    "versions.yml:md5,49706d301fbc166dc1e61b6c665d1f35"
                ]
            }
        ],
        "meta": {
            "nf-test": "0.9.2",
            "nextflow": "24.10.4"
        },
        "timestamp": "2025-02-11T20:04:17.059056"
    },
    "test-rattle-clustersummary-stub": {
        "content": [
            {
                "0": [
                    [
                        {
                            "id": "test",
                            "single_end": false
                        },
                        "cluster_summary_test.csv:md5,d41d8cd98f00b204e9800998ecf8427e"
                    ]
                ],
                "1": [
                    "versions.yml:md5,49706d301fbc166dc1e61b6c665d1f35"
                ],
                "summary": [
                    [
                        {
                            "id": "test",
                            "single_end": false
                        },
                        "cluster_summary_test.csv:md5,d41d8cd98f00b204e9800998ecf8427e"
                    ]
                ],
                "versions": [
                    "versions.yml:md5,49706d301fbc166dc1e61b6c665d1f35"
                ]
            }
        ],
        "meta": {
            "nf-test": "0.9.2",
            "nextflow": "24.10.4"
        },
        "timestamp": "2025-02-11T20:04:24.600674"
    }
}