{
    "sarscov2 - bam - stub": {
        "content": [
            {
                "0": [
                    [
                        {
                            "id": "test",
                            "single_end": false
                        },
                        [
                            
                        ]
                    ]
                ],
                "1": [
                    "versions.yml:md5,02383d9d5046a267d81f99463df55749"
                ],
                "matrix": [
                    [
                        {
                            "id": "test",
                            "single_end": false
                        },
                        [
                            
                        ]
                    ]
                ],
                "versions": [
                    "versions.yml:md5,02383d9d5046a267d81f99463df55749"
                ]
            }
        ],
        "meta": {
            "nf-test": "0.9.2",
            "nextflow": "25.04.2"
        },
        "timestamp": "2025-05-14T16:34:56.015094848"
    },
    "gwas - vcf - pheno - stub": {
        "content": [
            {
                "0": [
                    [
                        {
                            "id": "test",
                            "single_end": false
                        },
                        "test.out.cXX.txt:md5,d41d8cd98f00b204e9800998ecf8427e"
                    ]
                ],
                "1": [
                    "versions.yml:md5,02383d9d5046a267d81f99463df55749"
                ],
                "matrix": [
                    [
                        {
                            "id": "test",
                            "single_end": false
                        },
                        "test.out.cXX.txt:md5,d41d8cd98f00b204e9800998ecf8427e"
                    ]
                ],
                "versions": [
                    "versions.yml:md5,02383d9d5046a267d81f99463df55749"
                ]
            }
        ],
        "meta": {
            "nf-test": "0.9.2",
            "nextflow": "25.04.2"
        },
        "timestamp": "2025-05-14T17:07:00.03739859"
    },
    "sarscov2 - bam": {
        "content": [
            {
                "0": [
                    [
                        {
                            "id": "test",
                            "single_end": false
                        },
                        [
                            "test.out.cXX.txt:md5,83fbef03ff6c4e7e89bebd52ce9d11a6",
                            "test.out.log.txt:md5,f7eccba3f5e053669b3fb2b8c5f635e7"
                        ]
                    ]
                ],
                "1": [
                    "versions.yml:md5,02383d9d5046a267d81f99463df55749"
                ],
                "matrix": [
                    [
                        {
                            "id": "test",
                            "single_end": false
                        },
                        [
                            "test.out.cXX.txt:md5,83fbef03ff6c4e7e89bebd52ce9d11a6",
                            "test.out.log.txt:md5,f7eccba3f5e053669b3fb2b8c5f635e7"
                        ]
                    ]
                ],
                "versions": [
                    "versions.yml:md5,02383d9d5046a267d81f99463df55749"
                ]
            }
        ],
        "meta": {
            "nf-test": "0.9.2",
            "nextflow": "25.04.2"
        },
        "timestamp": "2025-05-14T16:34:38.506668318"
    },
    "gwas - vcf - pheno": {
        "content": [
            {
                "0": [
                    [
                        {
                            "id": "test",
                            "single_end": false
                        },
                        "test.out.cXX.txt:md5,83fbef03ff6c4e7e89bebd52ce9d11a6"
                    ]
                ],
                "1": [
                    "versions.yml:md5,02383d9d5046a267d81f99463df55749"
                ],
                "matrix": [
                    [
                        {
                            "id": "test",
                            "single_end": false
                        },
                        "test.out.cXX.txt:md5,83fbef03ff6c4e7e89bebd52ce9d11a6"
                    ]
                ],
                "versions": [
                    "versions.yml:md5,02383d9d5046a267d81f99463df55749"
                ]
            }
        ],
        "meta": {
            "nf-test": "0.9.2",
            "nextflow": "25.04.2"
        },
        "timestamp": "2025-05-14T16:59:21.46538756"
    }
}