{
    "test-hmtnote-annotate": {
        "content": [
            "98d1056442ec88659f26dfb1251b6f74",
            [
                "versions.yml:md5,8ee58af72515ea6d362a7721c3ba1340"
            ]
        ],
        "meta": {
            "nf-test": "0.9.0",
            "nextflow": "24.04.4"
        },
        "timestamp": "2024-09-02T13:58:45.987177"
    },
    "test-hmtnote-annotate-stub": {
        "content": [
            {
                "0": [
                    [
                        {
                            "id": "test"
                        },
                        "test_annotated.vcf:md5,d41d8cd98f00b204e9800998ecf8427e"
                    ]
                ],
                "1": [
                    "versions.yml:md5,8ee58af72515ea6d362a7721c3ba1340"
                ],
                "vcf": [
                    [
                        {
                            "id": "test"
                        },
                        "test_annotated.vcf:md5,d41d8cd98f00b204e9800998ecf8427e"
                    ]
                ],
                "versions": [
                    "versions.yml:md5,8ee58af72515ea6d362a7721c3ba1340"
                ]
            }
        ],
        "meta": {
            "nf-test": "0.9.0",
            "nextflow": "24.04.4"
        },
        "timestamp": "2024-09-02T13:58:54.748392"
    }
}