{
    "sarscov2 - bed": {
        "content": [
            {
                "0": [
                    [
                        {
                            "id": "test"
                        },
                        "test.bed.out:md5,fe4053cf4de3aebbdfc3be2efb125a74"
                    ]
                ],
                "1": [
                    "versions.yml:md5,89ff3cf90558c7b1dfe1f09327de9b6f"
                ],
                "validatedbed": [
                    [
                        {
                            "id": "test"
                        },
                        "test.bed.out:md5,fe4053cf4de3aebbdfc3be2efb125a74"
                    ]
                ],
                "versions": [
                    "versions.yml:md5,89ff3cf90558c7b1dfe1f09327de9b6f"
                ]
            }
        ],
        "meta": {
            "nf-test": "0.9.2",
            "nextflow": "24.10.5"
        },
        "timestamp": "2025-03-24T11:14:24.721637737"
    },
    "sarscov2 - bed - stub": {
        "content": [
            {
                "0": [
                    [
                        {
                            "id": "test"
                        },
                        "test.bed.out:md5,d41d8cd98f00b204e9800998ecf8427e"
                    ]
                ],
                "1": [
                    "versions.yml:md5,dd5122848afaa3cb905d6f88497c551c"
                ],
                "validatedbed": [
                    [
                        {
                            "id": "test"
                        },
                        "test.bed.out:md5,d41d8cd98f00b204e9800998ecf8427e"
                    ]
                ],
                "versions": [
                    "versions.yml:md5,dd5122848afaa3cb905d6f88497c551c"
                ]
            }
        ],
        "meta": {
            "nf-test": "0.9.2",
            "nextflow": "24.10.5"
        },
        "timestamp": "2025-03-24T11:09:20.160410573"
    }
}