{
    "pychopper-test": {
        "content": [
            176,
            [
                "versions.yml:md5,1431ed95e3c77f8742c7b014b26e50f5"
            ]
        ],
        "meta": {
            "nf-test": "0.9.2",
            "nextflow": "24.10.4"
        },
        "timestamp": "2025-02-05T12:22:20.089597053"
    },
    "test-pychopper-stub": {
        "content": [
            {
                "0": [
                    [
                        {
                            "id": "test_out"
                        },
                        "/workspace/modules/.nf-test/tests/cac6ea9296d77cea9de43df1028a5c82/work/5e/fd24fda0579e07b54e64922116ea5c/test_out.out.fastq.gz"
                    ]
                ],
                "1": [
                    "versions.yml:md5,1431ed95e3c77f8742c7b014b26e50f5"
                ],
                "fastq": [
                    [
                        {
                            "id": "test_out"
                        },
                        "/workspace/modules/.nf-test/tests/cac6ea9296d77cea9de43df1028a5c82/work/5e/fd24fda0579e07b54e64922116ea5c/test_out.out.fastq.gz"
                    ]
                ],
                "versions": [
                    "versions.yml:md5,1431ed95e3c77f8742c7b014b26e50f5"
                ]
            },
            [
                "versions.yml:md5,1431ed95e3c77f8742c7b014b26e50f5"
            ]
        ],
        "meta": {
            "nf-test": "0.9.2",
            "nextflow": "24.10.4"
        },
        "timestamp": "2025-02-05T13:30:35.196230873"
    }
}