{
    "test-rattle": {
        "content": [
            {
                "0": [
                    
                ],
                "1": [
                    
                ],
                "results": [
                    
                ],
                "versions": [
                    
                ]
            }
        ],
        "meta": {
            "nf-test": "0.9.2",
            "nextflow": "24.10.4"
        },
        "timestamp": "2025-02-06T17:34:11.385544474"
    }
}